Assembler report for MyRegisterControl
<<<<<<< HEAD
Thu Jun 11 11:26:48 2026
=======
Thu Jun 11 12:33:01 2026
>>>>>>> 0c2271a1f88df4ae766f497a8a7bfa560a306b6b
Quartus Prime Version 19.1.0 Build 670 09/22/2019 SJ Lite Edition


---------------------
; Table of Contents ;
---------------------
  1. Legal Notice
  2. Assembler Summary
  3. Assembler Settings
  4. Assembler Generated Files
  5. Assembler Device Options: C:/Quartus projects/ergasia 1/MyRegisterControl/output_files/MyRegisterControl.sof
  6. Assembler Messages



----------------
; Legal Notice ;
----------------
Copyright (C) 2019  Intel Corporation. All rights reserved.
Your use of Intel Corporation's design tools, logic functions 
and other software and tools, and any partner logic 
functions, and any output files from any of the foregoing 
(including device programming or simulation files), and any 
associated documentation or information are expressly subject 
to the terms and conditions of the Intel Program License 
Subscription Agreement, the Intel Quartus Prime License Agreement,
the Intel FPGA IP License Agreement, or other applicable license
agreement, including, without limitation, that your use is for
the sole purpose of programming logic devices manufactured by
Intel and sold by Intel or its authorized distributors.  Please
refer to the applicable agreement for further details, at
https://fpgasoftware.intel.com/eula.



+---------------------------------------------------------------+
; Assembler Summary                                             ;
+-----------------------+---------------------------------------+
<<<<<<< HEAD
; Assembler Status      ; Successful - Thu Jun 11 11:26:48 2026 ;
=======
; Assembler Status      ; Successful - Thu Jun 11 12:33:01 2026 ;
>>>>>>> 0c2271a1f88df4ae766f497a8a7bfa560a306b6b
; Revision Name         ; MyRegisterControl                     ;
; Top-level Entity Name ; MyRegisterControl                     ;
; Family                ; Cyclone V                             ;
; Device                ; 5CGXFC7C7F23C8                        ;
+-----------------------+---------------------------------------+


+----------------------------------+
; Assembler Settings               ;
+--------+---------+---------------+
; Option ; Setting ; Default Value ;
+--------+---------+---------------+


+------------------------------------------------------------------------------------+
; Assembler Generated Files                                                          ;
+------------------------------------------------------------------------------------+
; File Name                                                                          ;
+------------------------------------------------------------------------------------+
; C:/Quartus projects/ergasia 1/MyRegisterControl/output_files/MyRegisterControl.sof ;
+------------------------------------------------------------------------------------+


+--------------------------------------------------------------------------------------------------------------+
; Assembler Device Options: C:/Quartus projects/ergasia 1/MyRegisterControl/output_files/MyRegisterControl.sof ;
+----------------+---------------------------------------------------------------------------------------------+
; Option         ; Setting                                                                                     ;
+----------------+---------------------------------------------------------------------------------------------+
; JTAG usercode  ; 0x00EC7805                                                                                  ;
; Checksum       ; 0x00EC7805                                                                                  ;
+----------------+---------------------------------------------------------------------------------------------+


+--------------------+
; Assembler Messages ;
+--------------------+
Info: *******************************************************************
Info: Running Quartus Prime Assembler
    Info: Version 19.1.0 Build 670 09/22/2019 SJ Lite Edition
<<<<<<< HEAD
    Info: Processing started: Thu Jun 11 11:26:42 2026
=======
    Info: Processing started: Thu Jun 11 12:32:56 2026
>>>>>>> 0c2271a1f88df4ae766f497a8a7bfa560a306b6b
Info: Command: quartus_asm --read_settings_files=off --write_settings_files=off MyRegisterControl -c MyRegisterControl
Warning (18236): Number of processors has not been specified which may cause overloading on shared machines.  Set the global assignment NUM_PARALLEL_PROCESSORS in your QSF to an appropriate value for best performance.
Info (115030): Assembler is generating device programming files
Info: Quartus Prime Assembler was successful. 0 errors, 1 warning
<<<<<<< HEAD
    Info: Peak virtual memory: 4855 megabytes
    Info: Processing ended: Thu Jun 11 11:26:48 2026
    Info: Elapsed time: 00:00:06
    Info: Total CPU time (on all processors): 00:00:06
=======
    Info: Peak virtual memory: 4837 megabytes
    Info: Processing ended: Thu Jun 11 12:33:01 2026
    Info: Elapsed time: 00:00:05
    Info: Total CPU time (on all processors): 00:00:05
>>>>>>> 0c2271a1f88df4ae766f497a8a7bfa560a306b6b


