------------------------------------------------------------
Timing Analyzer Summary
------------------------------------------------------------

Type  : Slow 1100mV 85C Model Setup 'Clock'
Slack : -0.005
TNS   : -0.005

Type  : Slow 1100mV 85C Model Hold 'Clock'
Slack : 0.271
TNS   : 0.000

Type  : Slow 1100mV 85C Model Minimum Pulse Width 'Clock'
Slack : -0.724
TNS   : -4.460

Type  : Slow 1100mV 0C Model Setup 'Clock'
Slack : 0.025
TNS   : 0.000

Type  : Slow 1100mV 0C Model Hold 'Clock'
Slack : 0.262
TNS   : 0.000

Type  : Slow 1100mV 0C Model Minimum Pulse Width 'Clock'
Slack : -0.724
TNS   : -4.458

Type  : Fast 1100mV 85C Model Setup 'Clock'
Slack : 0.548
TNS   : 0.000

Type  : Fast 1100mV 85C Model Hold 'Clock'
Slack : 0.125
TNS   : 0.000

Type  : Fast 1100mV 85C Model Minimum Pulse Width 'Clock'
Slack : -0.087
TNS   : -0.343

Type  : Fast 1100mV 0C Model Setup 'Clock'
Slack : 0.573
TNS   : 0.000

Type  : Fast 1100mV 0C Model Hold 'Clock'
Slack : 0.113
TNS   : 0.000

Type  : Fast 1100mV 0C Model Minimum Pulse Width 'Clock'
Slack : -0.086
TNS   : -0.338

------------------------------------------------------------
