------------------------------------------------------------
Timing Analyzer Summary
------------------------------------------------------------

Type  : Slow 1100mV 85C Model Setup 'Clock'
Slack : -0.002
TNS   : -0.002

Type  : Slow 1100mV 85C Model Hold 'Clock'
Slack : 0.276
TNS   : 0.000

Type  : Slow 1100mV 85C Model Minimum Pulse Width 'Clock'
Slack : -0.724
TNS   : -4.459

Type  : Slow 1100mV 0C Model Setup 'Clock'
Slack : 0.018
TNS   : 0.000

Type  : Slow 1100mV 0C Model Hold 'Clock'
Slack : 0.269
TNS   : 0.000

Type  : Slow 1100mV 0C Model Minimum Pulse Width 'Clock'
Slack : -0.724
TNS   : -4.458

Type  : Fast 1100mV 85C Model Setup 'Clock'
Slack : 0.554
TNS   : 0.000

Type  : Fast 1100mV 85C Model Hold 'Clock'
Slack : 0.131
TNS   : 0.000

Type  : Fast 1100mV 85C Model Minimum Pulse Width 'Clock'
Slack : -0.088
TNS   : -0.350

Type  : Fast 1100mV 0C Model Setup 'Clock'
Slack : 0.577
TNS   : 0.000

Type  : Fast 1100mV 0C Model Hold 'Clock'
Slack : 0.118
TNS   : 0.000

Type  : Fast 1100mV 0C Model Minimum Pulse Width 'Clock'
Slack : -0.087
TNS   : -0.346

------------------------------------------------------------
